../Core/Src/main.c:108:5:main	128	static
../Core/Src/main.c:217:6:SystemClock_Config	88	static
../Core/Src/main.c:264:13:MX_ADC1_Init	56	static
../Core/Src/main.c:332:13:MX_ADC3_Init	56	static
../Core/Src/main.c:418:13:MX_ADC4_Init	104	static
../Core/Src/main.c:502:13:MX_TIM2_Init	64	static
../Core/Src/main.c:561:13:MX_TIM3_Init	64	static
../Core/Src/main.c:624:13:MX_USART2_UART_Init	8	static
../Core/Src/main.c:670:13:MX_DMA_Init	16	static
../Core/Src/main.c:689:13:MX_GPIO_Init	40	static
../Core/Src/main.c:718:6:Error_Handler	4	static,ignoring_inline_asm
