../Core/Src/main.c:132:5:main	8	static
../Core/Src/main.c:244:6:SystemClock_Config	88	static
../Core/Src/main.c:291:13:MX_ADC1_Init	56	static
../Core/Src/main.c:359:13:MX_ADC3_Init	56	static
../Core/Src/main.c:445:13:MX_ADC4_Init	104	static
../Core/Src/main.c:529:13:MX_TIM2_Init	64	static
../Core/Src/main.c:588:13:MX_TIM3_Init	64	static
../Core/Src/main.c:647:13:MX_USART2_UART_Init	8	static
../Core/Src/main.c:693:13:MX_DMA_Init	16	static
../Core/Src/main.c:712:13:MX_GPIO_Init	40	static
../Core/Src/main.c:740:6:Error_Handler	4	static,ignoring_inline_asm
